<?xml version="1.0" encoding="utf-8"?><testsuites name="pytest tests"><testsuite name="pytest" errors="0" failures="0" skipped="0" tests="0" time="0.028" timestamp="2026-04-11T00:12:33.660276+09:00" hostname="yoon" /></testsuites>